// Jest Snapshot v1, https://goo.gl/fbAQLP

exports[`ListEmails should show loading 1`] = `
<div>
  Loading...
</div>
`;
